// Jest Snapshot v1, https://goo.gl/fbAQLP

exports[`PageSidebar renders correctly 1`] = `ShallowWrapper {}`;
