// Jest Snapshot v1, https://goo.gl/fbAQLP

exports[`PrimaryNav renders correctly 1`] = `ShallowWrapper {}`;
