// Jest Snapshot v1, https://goo.gl/fbAQLP

exports[`InfoCard renders correctly 1`] = `ShallowWrapper {}`;
